*** Using Compiler 'V5.06 update 7 (build 960)', folder: 'C:\Keil_v5\ARM\Compiler_v5\Bin'
Build target 'light_encoder'
assembling startup_stm32f030x6.s...
compiling main.c...
compiling stm32f0xx_it.c...
compiling stm32f0xx_hal_msp.c...
compiling stm32f0xx_hal_crc.c...
compiling stm32f0xx_hal_crc_ex.c...
compiling stm32f0xx_hal_rcc.c...
compiling stm32f0xx_hal_rcc_ex.c...
compiling stm32f0xx_hal.c...
compiling stm32f0xx_hal_i2c.c...
compiling stm32f0xx_hal_i2c_ex.c...
compiling stm32f0xx_hal_gpio.c...
compiling stm32f0xx_hal_dma.c...
compiling stm32f0xx_hal_cortex.c...
compiling stm32f0xx_hal_pwr.c...
compiling stm32f0xx_hal_pwr_ex.c...
compiling stm32f0xx_hal_flash.c...
compiling stm32f0xx_hal_flash_ex.c...
compiling stm32f0xx_hal_exti.c...
compiling stm32f0xx_hal_tim.c...
compiling stm32f0xx_hal_tim_ex.c...
compiling stm32f0xx_hal_uart.c...
compiling stm32f0xx_hal_uart_ex.c...
compiling system_stm32f0xx.c...
linking...
Program Size: Code=7608 RO-data=264 RW-data=16 ZI-data=2224  
FromELF: creating hex file...
"light_encoder\light_encoder.axf" - 0 Error(s), 0 Warning(s).
