<html>
<body>
<pre>
<h1>µVision Build Log</h1>
<h2>Tool Versions:</h2>
IDE-Version: µVision V5.14.2
Copyright (C) 2015 ARM Ltd and ARM Germany GmbH. All rights reserved.
License Information: Cortex-M0, 1, LIC=D0D7S-LMHPK-NN4AF-6H31G-BWKZ2-542LA
 
Tool Versions:
Toolchain:       MDK-ARM Standard  Version: 5.41.0.0
Toolchain Path:  C:\Keil_v5\ARM\Compiler_v5\Bin
C Compiler:      Armcc.exe V5.06 update 7 (build 960)
Assembler:       Armasm.exe V5.06 update 7 (build 960)
Linker/Locator:  ArmLink.exe V5.06 update 7 (build 960)
Library Manager: ArmAr.exe V5.06 update 7 (build 960)
Hex Converter:   FromElf.exe V5.06 update 7 (build 960)
CPU DLL:         SARMCM3.DLL V5.41.0.0
Dialog DLL:      DARMCM1.DLL V1.19.6.0
Target DLL:      STLink\ST-LINKIII-KEIL_SWO.dll V3.3.0.0
Dialog DLL:      TARMCM1.DLL V1.14.6.0
 
<h2>Project:</h2>
C:\Users\shuhan\OneDrive - CUHK-Shenzhen\CUHK\Robotics\PhotoFrame\Snailbot_PhotoFix\light_encoder\MDK-ARM\light_encoder.uvprojx
Project File Date:  04/04/2025

<h2>Output:</h2>
*** Using Compiler 'V5.06 update 7 (build 960)', folder: 'C:\Keil_v5\ARM\Compiler_v5\Bin'
Build target 'light_encoder'
compiling stm32f0xx_it.c...
linking...
Program Size: Code=9576 RO-data=264 RW-data=32 ZI-data=2488  
FromELF: creating hex file...
"light_encoder\light_encoder.axf" - 0 Error(s), 0 Warning(s).

<h2>Software Packages used:</h2>

Package Vendor: ARM
                https://www.keil.com/pack/ARM.CMSIS.6.1.0.pack
                ARM::CMSIS:CORE:6.1.0
                CMSIS (Common Microcontroller Software Interface Standard)
   * Component: CORE Version: 6.1.0

<h2>Collection of Component include folders:</h2>
  C:\Users\shuhan\OneDrive - CUHK-Shenzhen\CUHK\Robotics\PhotoFrame\Snailbot_PhotoFix\light_encoder\MDK-ARM\RTE
  C:\Arm\Packs\ARM\CMSIS\6.1.0\CMSIS\Core\Include
  C:\Arm\Packs\Keil\STM32F0xx_DFP\2.1.1\Drivers\CMSIS\Device\ST\STM32F0xx\Include

<h2>Collection of Component Files used:</h2>

   * Component: ARM::CMSIS:CORE:6.1.0
      Include file:  CMSIS\Core\Include\tz_context.h
      Source file:   CMSIS\Core\Template\ARMv8-M\main_s.c
      Source file:   CMSIS\Core\Template\ARMv8-M\tz_context.c
</pre>
</body>
</html>
